<!DOCTYPE html>

<html xmlns="http://www.w3.org/1999/xhtml" xmlns:epub="http://www.idpf.org/2007/ops">
  <head>
    <meta charset="utf-8" />
    <title>16-2017-12-01-练习-磁盘管理</title>
    <link rel="stylesheet" href="../_static/epub.css" type="text/css" />
    <link rel="stylesheet" href="../_static/pygments.css" type="text/css" /> 
  </head>
  <body>

    <div class="document">
      <div class="documentwrapper">
          <div class="body" role="main">
            
  <div class="section" id="id1">
<h1>16-2017-12-01-练习-磁盘管理</h1>
<div class="section" id="id2">
<h2>练习1</h2>
<p>1、 mbr损坏的修复</p>
<p>2、文件系统出现故障的修复</p>
<p>模拟破坏环境</p>
<div class="highlight-bash"><div class="highlight"><pre><span></span><span class="o">[</span>root@centos7 mnt<span class="o">]</span>$ mkfs.ext4 /dev/sdb1
mke2fs <span class="m">1</span>.42.9 <span class="o">(</span><span class="m">28</span>-Dec-2013<span class="o">)</span>
Filesystem <span class="nv">label</span><span class="o">=</span>
OS type: Linux
Block <span class="nv">size</span><span class="o">=</span><span class="m">4096</span> <span class="o">(</span><span class="nv">log</span><span class="o">=</span><span class="m">2</span><span class="o">)</span>
Fragment <span class="nv">size</span><span class="o">=</span><span class="m">4096</span> <span class="o">(</span><span class="nv">log</span><span class="o">=</span><span class="m">2</span><span class="o">)</span>
<span class="nv">Stride</span><span class="o">=</span><span class="m">0</span> blocks, Stripe <span class="nv">width</span><span class="o">=</span><span class="m">0</span> blocks
<span class="m">1310720</span> inodes, <span class="m">5242880</span> blocks
<span class="m">262144</span> blocks <span class="o">(</span><span class="m">5</span>.00%<span class="o">)</span> reserved <span class="k">for</span> the super user
First data <span class="nv">block</span><span class="o">=</span><span class="m">0</span>
Maximum filesystem <span class="nv">blocks</span><span class="o">=</span><span class="m">2153775104</span>
<span class="m">160</span> block groups
<span class="m">32768</span> blocks per group, <span class="m">32768</span> fragments per group
<span class="m">8192</span> inodes per group
Superblock backups stored on blocks:
    <span class="m">32768</span>, <span class="m">98304</span>, <span class="m">163840</span>, <span class="m">229376</span>, <span class="m">294912</span>, <span class="m">819200</span>, <span class="m">884736</span>, <span class="m">1605632</span>, <span class="m">2654208</span>,
    <span class="m">4096000</span>

Allocating group tables: <span class="k">done</span>
Writing inode tables: <span class="k">done</span>
Creating journal <span class="o">(</span><span class="m">32768</span> blocks<span class="o">)</span>: <span class="k">done</span>
Writing superblocks and filesystem accounting information: <span class="k">done</span>

<span class="o">[</span>root@centos7 mnt<span class="o">]</span>$ mount /dev/sdb1 /mnt/1
<span class="o">[</span>root@centos7 mnt<span class="o">]</span>$ touch <span class="m">1</span>.txt &gt;/mnt/1/
-bash: /mnt/1/: Is a directory
<span class="o">[</span>root@centos7 mnt<span class="o">]</span>$ touch <span class="s2">&quot;f1 &quot;</span> &gt;&gt; /mnt/1/f1.txt
<span class="o">[</span>root@centos7 mnt<span class="o">]</span>$ dd <span class="k">if</span><span class="o">=</span>/dev/zero <span class="nv">of</span><span class="o">=</span>/dev/sdb1 <span class="nv">bs</span><span class="o">=</span>1M <span class="nv">count</span><span class="o">=</span><span class="m">10</span>
<span class="m">10</span>+0 records in
<span class="m">10</span>+0 records out
<span class="m">10485760</span> bytes <span class="o">(</span><span class="m">10</span> MB<span class="o">)</span> copied, <span class="m">0</span>.00539083 s, <span class="m">1</span>.9 GB/s
</pre></div>
</div>
<p>修复文件系统问题</p>
<div class="highlight-bash"><div class="highlight"><pre><span></span><span class="o">[</span>root@centos7 mnt<span class="o">]</span>$ umount /dev/sdb1
<span class="o">[</span>root@centos7 mnt<span class="o">]</span>$ fsck /dev/sdb1
fsck from util-linux <span class="m">2</span>.23.2
e2fsck <span class="m">1</span>.42.9 <span class="o">(</span><span class="m">28</span>-Dec-2013<span class="o">)</span>
ext2fs_open2: Bad magic number in super-block
fsck.ext2: Superblock invalid, trying backup blocks...
Superblock has an invalid journal <span class="o">(</span>inode <span class="m">8</span><span class="o">)</span>.
Clear&lt;y&gt;? yes
*** ext3 journal has been deleted - filesystem is now ext2 only ***

/dev/sdb1 was not cleanly unmounted, check forced.
Resize inode not valid.  Recreate&lt;y&gt;? yes
Pass <span class="m">1</span>: Checking inodes, blocks, and sizes
Root inode is not a directory.  Clear&lt;y&gt;? yes
Pass <span class="m">2</span>: Checking directory structure
Pass <span class="m">3</span>: Checking directory connectivity
Root inode not allocated.  Allocate&lt;y&gt;? yes
/lost+found not found.  Create&lt;y&gt;? yes
Pass <span class="m">4</span>: Checking reference counts
Pass <span class="m">5</span>: Checking group summary information
Block bitmap differences:  +<span class="o">(</span><span class="m">0</span>--9252<span class="o">)</span> +<span class="o">(</span><span class="m">32768</span>--33795<span class="o">)</span> +<span class="o">(</span><span class="m">98304</span>--99331<span class="o">)</span> +<span class="o">(</span><span class="m">163840</span>--164867<span class="o">)</span> +<span class="o">(</span><span class="m">229376</span>--230403<span class="o">)</span> +<span class="o">(</span><span class="m">294912</span>--295939<span class="o">)</span> -<span class="o">(</span><span class="m">2655236</span>--2688003<span class="o">)</span>
Fix&lt;y&gt;? yes
Free blocks count wrong <span class="k">for</span> group <span class="c1">#0 (23508, counted=23513).</span>
Fix&lt;y&gt;? yes
Free blocks count wrong <span class="k">for</span> group <span class="c1">#81 (0, counted=31740).</span>
Fix&lt;y&gt;? yes
Free blocks count wrong <span class="k">for</span> group <span class="c1">#82 (31740, counted=32768).</span>
Fix&lt;y&gt;? yes
Free blocks count wrong <span class="o">(</span><span class="m">5116556</span>, <span class="nv">counted</span><span class="o">=</span><span class="m">5149329</span><span class="o">)</span>.
Fix&lt;y&gt;? yes
Inode bitmap differences:  +1 +<span class="o">(</span><span class="m">3</span>--10<span class="o">)</span>
Fix&lt;y&gt;? yes
Free inodes count wrong <span class="k">for</span> group <span class="c1">#0 (8180, counted=8181).</span>
Fix&lt;y&gt;? yes
Directories count wrong <span class="k">for</span> group <span class="c1">#0 (3, counted=2).</span>
Fix&lt;y&gt;? yes
Free inodes count wrong <span class="o">(</span><span class="m">1310708</span>, <span class="nv">counted</span><span class="o">=</span><span class="m">1310709</span><span class="o">)</span>.
Fix&lt;y&gt;? yes
Recreate journal&lt;y&gt;? yes
Creating journal <span class="o">(</span><span class="m">32768</span> blocks<span class="o">)</span>:

Done.

*** journal has been re-created - filesystem is now ext3 again ***

/dev/sdb1: ***** FILE SYSTEM WAS MODIFIED *****
/dev/sdb1: <span class="m">11</span>/1310720 files <span class="o">(</span><span class="m">0</span>.0% non-contiguous<span class="o">)</span>, <span class="m">126319</span>/5242880 blocks
</pre></div>
</div>
</div>
<div class="section" id="id3">
<h2>练习2</h2>
<p>1、创建一个2G的文件系统，块大小为2048byte，预留1%可用空间,文件系统ext4，卷标为TEST，要求此分区开机后自动挂载至/test目录，且默认有acl挂载选项</p>
<div class="highlight-bash"><div class="highlight"><pre><span></span><span class="o">[</span>root@centos7 app<span class="o">]</span>$ fdisk /dev/sdb
WARNING: fdisk GPT support is currently new, and therefore in an experimental phase. Use at your own discretion.
Welcome to fdisk <span class="o">(</span>util-linux <span class="m">2</span>.23.2<span class="o">)</span>.

Changes will remain in memory only, <span class="k">until</span> you decide to write them.
Be careful before using the write command.


Command <span class="o">(</span>m <span class="k">for</span> <span class="nb">help</span><span class="o">)</span>: p

Disk /dev/sdb: <span class="m">107</span>.4 GB, <span class="m">107374182400</span> bytes, <span class="m">209715200</span> sectors
<span class="nv">Units</span> <span class="o">=</span> sectors of <span class="m">1</span> * <span class="nv">512</span> <span class="o">=</span> <span class="m">512</span> bytes
Sector size <span class="o">(</span>logical/physical<span class="o">)</span>: <span class="m">512</span> bytes / <span class="m">512</span> bytes
I/O size <span class="o">(</span>minimum/optimal<span class="o">)</span>: <span class="m">512</span> bytes / <span class="m">512</span> bytes
Disk label type: gpt
Disk identifier: CF8E8E9A-2E50-4DD8-AC6F-A621DDD9B8ED


<span class="c1">#         Start          End    Size  Type            Name</span>
<span class="m">1</span>      <span class="m">1953792</span>     <span class="m">58593279</span>     27G  Linux LVM       primary

Command <span class="o">(</span>m <span class="k">for</span> <span class="nb">help</span><span class="o">)</span>: n
Partition number <span class="o">(</span><span class="m">2</span>-128, default <span class="m">2</span><span class="o">)</span>:
First sector <span class="o">(</span><span class="m">34</span>-209715166, default <span class="m">58593280</span><span class="o">)</span>:
Last sector, +sectors or +size<span class="o">{</span>K,M,G,T,P<span class="o">}</span> <span class="o">(</span><span class="m">58593280</span>-209715166, default <span class="m">209715166</span><span class="o">)</span>: +2G
Created partition <span class="m">2</span>


Command <span class="o">(</span>m <span class="k">for</span> <span class="nb">help</span><span class="o">)</span>: p

Disk /dev/sdb: <span class="m">107</span>.4 GB, <span class="m">107374182400</span> bytes, <span class="m">209715200</span> sectors
<span class="nv">Units</span> <span class="o">=</span> sectors of <span class="m">1</span> * <span class="nv">512</span> <span class="o">=</span> <span class="m">512</span> bytes
Sector size <span class="o">(</span>logical/physical<span class="o">)</span>: <span class="m">512</span> bytes / <span class="m">512</span> bytes
I/O size <span class="o">(</span>minimum/optimal<span class="o">)</span>: <span class="m">512</span> bytes / <span class="m">512</span> bytes
Disk label type: gpt
Disk identifier: CF8E8E9A-2E50-4DD8-AC6F-A621DDD9B8ED


<span class="c1">#         Start          End    Size  Type            Name</span>
<span class="m">1</span>      <span class="m">1953792</span>     <span class="m">58593279</span>     27G  Linux LVM       primary
<span class="m">2</span>     <span class="m">58593280</span>     <span class="m">62787583</span>      2G  Linux filesyste

Command <span class="o">(</span>m <span class="k">for</span> <span class="nb">help</span><span class="o">)</span>: w
The partition table has been altered!

Calling ioctl<span class="o">()</span> to re-read partition table.
Syncing disks.
<span class="o">[</span>root@centos7 app<span class="o">]</span>$ lsblk
NAME   MAJ:MIN RM  SIZE RO TYPE MOUNTPOINT
sda      <span class="m">8</span>:0    <span class="m">0</span>  200G  <span class="m">0</span> disk
├─sda1   <span class="m">8</span>:1    <span class="m">0</span>    1G  <span class="m">0</span> part /boot
├─sda2   <span class="m">8</span>:2    <span class="m">0</span>  128G  <span class="m">0</span> part <span class="o">[</span>SWAP<span class="o">]</span>
├─sda3   <span class="m">8</span>:3    <span class="m">0</span> <span class="m">48</span>.8G  <span class="m">0</span> part /
├─sda4   <span class="m">8</span>:4    <span class="m">0</span>    1K  <span class="m">0</span> part
└─sda5   <span class="m">8</span>:5    <span class="m">0</span> <span class="m">19</span>.5G  <span class="m">0</span> part /app
sdb      <span class="m">8</span>:16   <span class="m">0</span>  100G  <span class="m">0</span> disk
├─sdb1   <span class="m">8</span>:17   <span class="m">0</span>   27G  <span class="m">0</span> part
└─sdb2   <span class="m">8</span>:18   <span class="m">0</span>    2G  <span class="m">0</span> part
sr0     <span class="m">11</span>:0    <span class="m">1</span>  <span class="m">8</span>.1G  <span class="m">0</span> rom  /run/media/root/CentOS <span class="m">7</span> x86_64

<span class="o">[</span>root@centos7 app<span class="o">]</span>$ mkfs -t ext4 -b <span class="m">2048</span> -m <span class="m">1</span> -L <span class="s2">&quot;TEST&quot;</span>  /dev/sdb2
mke2fs <span class="m">1</span>.42.9 <span class="o">(</span><span class="m">28</span>-Dec-2013<span class="o">)</span>
Filesystem <span class="nv">label</span><span class="o">=</span>TEST
OS type: Linux
Block <span class="nv">size</span><span class="o">=</span><span class="m">2048</span> <span class="o">(</span><span class="nv">log</span><span class="o">=</span><span class="m">1</span><span class="o">)</span>
Fragment <span class="nv">size</span><span class="o">=</span><span class="m">2048</span> <span class="o">(</span><span class="nv">log</span><span class="o">=</span><span class="m">1</span><span class="o">)</span>
<span class="nv">Stride</span><span class="o">=</span><span class="m">0</span> blocks, Stripe <span class="nv">width</span><span class="o">=</span><span class="m">0</span> blocks
<span class="m">131072</span> inodes, <span class="m">1048576</span> blocks
<span class="m">10485</span> blocks <span class="o">(</span><span class="m">1</span>.00%<span class="o">)</span> reserved <span class="k">for</span> the super user
First data <span class="nv">block</span><span class="o">=</span><span class="m">0</span>
Maximum filesystem <span class="nv">blocks</span><span class="o">=</span><span class="m">269484032</span>
<span class="m">64</span> block groups
<span class="m">16384</span> blocks per group, <span class="m">16384</span> fragments per group
<span class="m">2048</span> inodes per group
Superblock backups stored on blocks:
    <span class="m">16384</span>, <span class="m">49152</span>, <span class="m">81920</span>, <span class="m">114688</span>, <span class="m">147456</span>, <span class="m">409600</span>, <span class="m">442368</span>, <span class="m">802816</span>

Allocating group tables: <span class="k">done</span>
Writing inode tables: <span class="k">done</span>
Creating journal <span class="o">(</span><span class="m">32768</span> blocks<span class="o">)</span>: <span class="k">done</span>
Writing superblocks and filesystem accounting information: <span class="k">done</span>

<span class="o">[</span>root@centos7 app<span class="o">]</span>$ tune2fs -l /dev/sdb2
tune2fs <span class="m">1</span>.42.9 <span class="o">(</span><span class="m">28</span>-Dec-2013<span class="o">)</span>
Filesystem volume name:   TEST
Last mounted on:          &lt;not available&gt;
Filesystem UUID:          ac0dfb11-573e-4036-8fe9-256e04f0110c
Filesystem magic number:  0xEF53
Filesystem revision <span class="c1">#:    1 (dynamic)</span>
Filesystem features:      has_journal ext_attr resize_inode dir_index filetype extent 64bit flex_bg sparse_super huge_file uninit_bg dir_nlink extra_isize
Filesystem flags:         signed_directory_hash
Default mount options:    user_xattr acl
Filesystem state:         clean
Errors behavior:          Continue
Filesystem OS type:       Linux
Inode count:              <span class="m">131072</span>
Block count:              <span class="m">1048576</span>
Reserved block count:     <span class="m">10485</span>
Free blocks:              <span class="m">994651</span>
Free inodes:              <span class="m">131061</span>
First block:              <span class="m">0</span>
Block size:               <span class="m">2048</span>
Fragment size:            <span class="m">2048</span>
Group descriptor size:    <span class="m">64</span>
Reserved GDT blocks:      <span class="m">512</span>
Blocks per group:         <span class="m">16384</span>
Fragments per group:      <span class="m">16384</span>
Inodes per group:         <span class="m">2048</span>
Inode blocks per group:   <span class="m">256</span>
Flex block group size:    <span class="m">16</span>
Filesystem created:       Mon Dec  <span class="m">4</span> <span class="m">19</span>:27:56 <span class="m">2017</span>
Last mount time:          n/a
Last write time:          Mon Dec  <span class="m">4</span> <span class="m">19</span>:28:00 <span class="m">2017</span>
Mount count:              <span class="m">0</span>
Maximum mount count:      -1
Last checked:             Mon Dec  <span class="m">4</span> <span class="m">19</span>:27:56 <span class="m">2017</span>
Check interval:           <span class="m">0</span> <span class="o">(</span>&lt;none&gt;<span class="o">)</span>
Lifetime writes:          <span class="m">65</span> MB
Reserved blocks uid:      <span class="m">0</span> <span class="o">(</span>user root<span class="o">)</span>
Reserved blocks gid:      <span class="m">0</span> <span class="o">(</span>group root<span class="o">)</span>
First inode:              <span class="m">11</span>
Inode size:           <span class="m">256</span>
Required extra isize:     <span class="m">28</span>
Desired extra isize:      <span class="m">28</span>
Journal inode:            <span class="m">8</span>
Default directory hash:   half_md4
Directory Hash Seed:      2008b2d4-8232-4184-8ba8-9badec4f375f
Journal backup:           inode blocks
<span class="o">[</span>root@centos7 app<span class="o">]</span>$ mkdir /test
<span class="o">[</span>root@centos7 app<span class="o">]</span>$ mount /dev/sdb2 /test
<span class="o">[</span>root@centos7 app<span class="o">]</span>$ tail -n <span class="m">1</span> /etc/mtab &gt;&gt; /etc/fstab
<span class="o">[</span>root@centos7 app<span class="o">]</span>$ cat /etc/fstab

<span class="c1">#</span>
<span class="c1"># /etc/fstab</span>
<span class="c1"># Created by anaconda on Tue Nov  7 16:07:01 2017</span>
<span class="c1">#</span>
<span class="c1"># Accessible filesystems, by reference, are maintained under &#39;/dev/disk&#39;</span>
<span class="c1"># See man pages fstab(5), findfs(8), mount(8) and/or blkid(8) for more info</span>
<span class="c1">#</span>

<span class="nv">UUID</span><span class="o">=</span>59ccea87-3c4e-4bbc-9e2f-3fadb1dcf2e6 /                       ext4    defaults        <span class="m">1</span> <span class="m">1</span>
<span class="nv">UUID</span><span class="o">=</span>f4e867e8-bcde-43a2-adc7-c80b0948e85f /app                    ext4    noatime,usrquota,grpquota        <span class="m">1</span> <span class="m">2</span>
<span class="nv">UUID</span><span class="o">=</span>1d6cbe88-ffb4-4adf-bacf-76be1fa75708 /boot                   ext4    defaults        <span class="m">1</span> <span class="m">2</span>
<span class="nv">UUID</span><span class="o">=</span>b2c064f5-1ee5-4b5c-9e75-ed41cb99c5aa swap                    swap    defaults        <span class="m">0</span> <span class="m">0</span>

/dev/sdb2 /test ext4 rw,seclabel,relatime,data<span class="o">=</span>ordered <span class="m">0</span> <span class="m">0</span>
<span class="o">[</span>root@centos7 app<span class="o">]</span>$ <span class="nb">cd</span> /test
<span class="o">[</span>root@centos7 test<span class="o">]</span>$ touch a.txt
<span class="o">[</span>root@centos7 test<span class="o">]</span>$ setfacl -m <span class="s2">&quot;u:zhaojiedi:rwx&quot;</span> a.txt
<span class="o">[</span>root@centos7 test<span class="o">]</span>$ getfacl a.txt
<span class="c1"># file: a.txt</span>
<span class="c1"># owner: root</span>
<span class="c1"># group: root</span>
user::rw-
user:zhaojiedi:rwx
group::r--
mask::rwx
other::r--
</pre></div>
</div>
<p>2、写一个脚本，完成如下功能：</p>
<blockquote>
<div><ol class="arabic simple">
<li><p>列出当前系统识别到的所有磁盘设备</p></li>
<li><p>如磁盘数量为1，则显示其空间使用信息</p></li>
</ol>
</div></blockquote>
<p>否则，则显示最后一个磁盘上的空间使用信息</p>
<div class="highlight-bash"><div class="highlight"><pre><span></span>lsblk  <span class="p">|</span>grep <span class="s1">&#39;^s[dh][a-z]\+&#39;</span> -o
df  /dev/<span class="sb">`</span>lsblk  <span class="p">|</span>grep <span class="s1">&#39;^s[dh][a-z]\+&#39;</span> -o <span class="p">|</span> tail -n <span class="m">1</span> <span class="sb">`</span>
</pre></div>
</div>
<p>3、将CentOS6的CentOS-6.8-x86_64-bin-DVD1.iso和CentOS-6.8-x86_64-bin-DVD2.iso两个文件，合并成一个CentOS-6.8-x86_64-Everything.iso文件，并将其配置为yum源</p>
<div class="highlight-bash"><div class="highlight"><pre><span></span>mount /dev/sr2 /mnt/cdrom1
mount /dev/sr3 /mnt/cdrom2

cp -a /mnt/cdrom2/*  /app/test/
<span class="se">\c</span>p -a /mnt/cdrom1/* /app/tset/
cp /mnt/cdrom1/.discinfo /app/test
./mkdvdiso.sh  /app/test /root/centos.iso
</pre></div>
</div>
</div>
<div class="section" id="id4">
<h2>练习3</h2>
<p>1 、制作交换分区，并启用</p>
<div class="highlight-bash"><div class="highlight"><pre><span></span><span class="o">[</span>root@centos7 ~<span class="o">]</span>$ fdisk /dev/sdb
WARNING: fdisk GPT support is currently new, and therefore in an experimental phase. Use at your own discretion.
Welcome to fdisk <span class="o">(</span>util-linux <span class="m">2</span>.23.2<span class="o">)</span>.

Changes will remain in memory only, <span class="k">until</span> you decide to write them.
Be careful before using the write command.


Command <span class="o">(</span>m <span class="k">for</span> <span class="nb">help</span><span class="o">)</span>: n
Partition number <span class="o">(</span><span class="m">3</span>-128, default <span class="m">3</span><span class="o">)</span>:
First sector <span class="o">(</span><span class="m">34</span>-209715166, default <span class="m">62787584</span><span class="o">)</span>:
Last sector, +sectors or +size<span class="o">{</span>K,M,G,T,P<span class="o">}</span> <span class="o">(</span><span class="m">62787584</span>-209715166, default <span class="m">209715166</span><span class="o">)</span>: +1G
Created partition <span class="m">3</span>


Command <span class="o">(</span>m <span class="k">for</span> <span class="nb">help</span><span class="o">)</span>: p

Disk /dev/sdb: <span class="m">107</span>.4 GB, <span class="m">107374182400</span> bytes, <span class="m">209715200</span> sectors
<span class="nv">Units</span> <span class="o">=</span> sectors of <span class="m">1</span> * <span class="nv">512</span> <span class="o">=</span> <span class="m">512</span> bytes
Sector size <span class="o">(</span>logical/physical<span class="o">)</span>: <span class="m">512</span> bytes / <span class="m">512</span> bytes
I/O size <span class="o">(</span>minimum/optimal<span class="o">)</span>: <span class="m">512</span> bytes / <span class="m">512</span> bytes
Disk label type: gpt
Disk identifier: CF8E8E9A-2E50-4DD8-AC6F-A621DDD9B8ED


<span class="c1">#         Start          End    Size  Type            Name</span>
<span class="m">1</span>      <span class="m">1953792</span>     <span class="m">58593279</span>     27G  Linux LVM       primary
<span class="m">2</span>     <span class="m">58593280</span>     <span class="m">62787583</span>      2G  Linux filesyste
<span class="m">3</span>     <span class="m">62787584</span>     <span class="m">64884735</span>      1G  Linux filesyste

Command <span class="o">(</span>m <span class="k">for</span> <span class="nb">help</span><span class="o">)</span>: t
Partition number <span class="o">(</span><span class="m">1</span>-3, default <span class="m">3</span><span class="o">)</span>:
Partition <span class="nb">type</span> <span class="o">(</span><span class="nb">type</span> L to list all types<span class="o">)</span>: L
<span class="m">1</span> EFI System                     C12A7328-F81F-11D2-BA4B-00A0C93EC93B
<span class="m">2</span> MBR partition scheme           024DEE41-33E7-11D3-9D69-0008C781F39F
<span class="m">3</span> BIOS boot partition            <span class="m">21686148</span>-6449-6E6F-744E-656564454649
<span class="m">4</span> Microsoft reserved             E3C9E316-0B5C-4DB8-817D-F92DF00215AE
<span class="m">5</span> Microsoft basic data           EBD0A0A2-B9E5-4433-87C0-68B6B72699C7
<span class="m">6</span> Microsoft LDM metadata         5808C8AA-7E8F-42E0-85D2-E1E90434CFB3
<span class="m">7</span> Microsoft LDM data             AF9B60A0-1431-4F62-BC68-3311714A69AD
<span class="m">8</span> Windows recovery evironmnet    DE94BBA4-06D1-4D40-A16A-BFD50179D6AC
<span class="m">9</span> IBM General Parallel Fs        37AFFC90-EF7D-4E96-91C3-2D7AE055B174
<span class="m">10</span> HP-UX data partition           75894C1E-3AEB-11D3-B7C1-7B03A0000000
<span class="m">11</span> HP-UX service partition        E2A1E728-32E3-11D6-A682-7B03A0000000
<span class="m">12</span> Linux filesystem               0FC63DAF-8483-4772-8E79-3D69D8477DE4
<span class="m">13</span> Linux RAID                     A19D880F-05FC-4D3B-A006-743F0F84911E
<span class="m">14</span> Linux swap                     0657FD6D-A4AB-43C4-84E5-0933C84B4F4F
<span class="m">15</span> Linux LVM                      E6D6D379-F507-44C2-A23C-238F2A3DF928
<span class="m">16</span> Linux reserved                 8DA63339-0007-60C0-C436-083AC8230908
<span class="m">17</span> FreeBSD data                   516E7CB4-6ECF-11D6-8FF8-00022D09712B
<span class="m">18</span> FreeBSD boot                   83BD6B9D-7F41-11DC-BE0B-001560B84F0F
<span class="m">19</span> FreeBSD swap                   516E7CB5-6ECF-11D6-8FF8-00022D09712B
<span class="m">20</span> FreeBSD UFS                    516E7CB6-6ECF-11D6-8FF8-00022D09712B
<span class="m">21</span> FreeBSD ZFS                    516E7CBA-6ECF-11D6-8FF8-00022D09712B
<span class="m">22</span> FreeBSD Vinum                  516E7CB8-6ECF-11D6-8FF8-00022D09712B
<span class="m">23</span> Apple HFS/HFS+                 <span class="m">48465300</span>-0000-11AA-AA11-00306543ECAC
<span class="m">24</span> Apple UFS                      <span class="m">55465300</span>-0000-11AA-AA11-00306543ECAC
<span class="m">25</span> Apple RAID                     <span class="m">52414944</span>-0000-11AA-AA11-00306543ECAC
<span class="m">26</span> Apple RAID offline             <span class="m">52414944</span>-5F4F-11AA-AA11-00306543ECAC
<span class="m">27</span> Apple boot                     426F6F74-0000-11AA-AA11-00306543ECAC
<span class="m">28</span> Apple label                    4C616265-6C00-11AA-AA11-00306543ECAC
<span class="m">29</span> Apple TV recovery              5265636F-7665-11AA-AA11-00306543ECAC
<span class="m">30</span> Apple Core storage             53746F72-6167-11AA-AA11-00306543ECAC
<span class="m">31</span> Solaris boot                   6A82CB45-1DD2-11B2-99A6-080020736631
<span class="m">32</span> Solaris root                   6A85CF4D-1DD2-11B2-99A6-080020736631
<span class="m">33</span> Solaris /usr <span class="p">&amp;</span> Apple ZFS       6A898CC3-1DD2-11B2-99A6-080020736631
<span class="m">34</span> Solaris swap                   6A87C46F-1DD2-11B2-99A6-080020736631
<span class="m">35</span> Solaris backup                 6A8B642B-1DD2-11B2-99A6-080020736631
<span class="m">36</span> Solaris /var                   6A8EF2E9-1DD2-11B2-99A6-080020736631
<span class="m">37</span> Solaris /home                  6A90BA39-1DD2-11B2-99A6-080020736631
<span class="m">38</span> Solaris alternate sector       6A9283A5-1DD2-11B2-99A6-080020736631
<span class="m">39</span> Solaris reserved <span class="m">1</span>             6A945A3B-1DD2-11B2-99A6-080020736631
<span class="m">40</span> Solaris reserved <span class="m">2</span>             6A9630D1-1DD2-11B2-99A6-080020736631
<span class="m">41</span> Solaris reserved <span class="m">3</span>             6A980767-1DD2-11B2-99A6-080020736631
<span class="m">42</span> Solaris reserved <span class="m">4</span>             6A96237F-1DD2-11B2-99A6-080020736631
<span class="m">43</span> Solaris reserved <span class="m">5</span>             6A8D2AC7-1DD2-11B2-99A6-080020736631
<span class="m">44</span> NetBSD swap                    49F48D32-B10E-11DC-B99B-0019D1879648
<span class="m">45</span> NetBSD FFS                     49F48D5A-B10E-11DC-B99B-0019D1879648
<span class="m">46</span> NetBSD LFS                     49F48D82-B10E-11DC-B99B-0019D1879648
<span class="m">47</span> NetBSD concatenated            2DB519C4-B10E-11DC-B99B-0019D1879648
<span class="m">48</span> NetBSD encrypted               2DB519EC-B10E-11DC-B99B-0019D1879648
<span class="m">49</span> NetBSD RAID                    49F48DAA-B10E-11DC-B99B-0019D1879648
<span class="m">50</span> ChromeOS kernel                FE3A2A5D-4F32-41A7-B725-ACCC3285A309
<span class="m">51</span> ChromeOS root fs               3CB8E202-3B7E-47DD-8A3C-7FF2A13CFCEC
<span class="m">52</span> ChromeOS reserved              2E0A753D-9E48-43B0-8337-B15192CB1B5E
<span class="m">53</span> MidnightBSD data               85D5E45A-237C-11E1-B4B3-E89A8F7FC3A7
<span class="m">54</span> MidnightBSD boot               85D5E45E-237C-11E1-B4B3-E89A8F7FC3A7
<span class="m">55</span> MidnightBSD swap               85D5E45B-237C-11E1-B4B3-E89A8F7FC3A7
<span class="m">56</span> MidnightBSD UFS                0394Ef8B-237C-11E1-B4B3-E89A8F7FC3A7
<span class="m">57</span> MidnightBSD ZFS                85D5E45D-237C-11E1-B4B3-E89A8F7FC3A7
<span class="m">58</span> MidnightBSD Vinum              85D5E45C-237C-11E1-B4B3-E89A8F7FC3A7

Partition <span class="nb">type</span> <span class="o">(</span><span class="nb">type</span> L to list all types<span class="o">)</span>: <span class="m">14</span>
Changed <span class="nb">type</span> of partition <span class="s1">&#39;Linux filesystem&#39;</span> to <span class="s1">&#39;Linux swap&#39;</span>

Command <span class="o">(</span>m <span class="k">for</span> <span class="nb">help</span><span class="o">)</span>: p

Disk /dev/sdb: <span class="m">107</span>.4 GB, <span class="m">107374182400</span> bytes, <span class="m">209715200</span> sectors
<span class="nv">Units</span> <span class="o">=</span> sectors of <span class="m">1</span> * <span class="nv">512</span> <span class="o">=</span> <span class="m">512</span> bytes
Sector size <span class="o">(</span>logical/physical<span class="o">)</span>: <span class="m">512</span> bytes / <span class="m">512</span> bytes
I/O size <span class="o">(</span>minimum/optimal<span class="o">)</span>: <span class="m">512</span> bytes / <span class="m">512</span> bytes
Disk label type: gpt
Disk identifier: CF8E8E9A-2E50-4DD8-AC6F-A621DDD9B8ED


<span class="c1">#         Start          End    Size  Type            Name</span>
<span class="m">1</span>      <span class="m">1953792</span>     <span class="m">58593279</span>     27G  Linux LVM       primary
<span class="m">2</span>     <span class="m">58593280</span>     <span class="m">62787583</span>      2G  Linux filesyste
<span class="m">3</span>     <span class="m">62787584</span>     <span class="m">64884735</span>      1G  Linux swap

Command <span class="o">(</span>m <span class="k">for</span> <span class="nb">help</span><span class="o">)</span>: w
The partition table has been altered!

Calling ioctl<span class="o">()</span> to re-read partition table.

WARNING: Re-reading the partition table failed with error <span class="m">16</span>: Device or resource busy.
The kernel still uses the old table. The new table will be used at
the next reboot or after you run partprobe<span class="o">(</span><span class="m">8</span><span class="o">)</span> or kpartx<span class="o">(</span><span class="m">8</span><span class="o">)</span>
Syncing disks.
<span class="o">[</span>root@centos7 ~<span class="o">]</span>$ lsblk
NAME   MAJ:MIN RM  SIZE RO TYPE MOUNTPOINT
sda      <span class="m">8</span>:0    <span class="m">0</span>  200G  <span class="m">0</span> disk
├─sda1   <span class="m">8</span>:1    <span class="m">0</span>    1G  <span class="m">0</span> part /boot
├─sda2   <span class="m">8</span>:2    <span class="m">0</span>  128G  <span class="m">0</span> part <span class="o">[</span>SWAP<span class="o">]</span>
├─sda3   <span class="m">8</span>:3    <span class="m">0</span> <span class="m">48</span>.8G  <span class="m">0</span> part /
├─sda4   <span class="m">8</span>:4    <span class="m">0</span>  512B  <span class="m">0</span> part
└─sda5   <span class="m">8</span>:5    <span class="m">0</span> <span class="m">19</span>.5G  <span class="m">0</span> part /app
sdb      <span class="m">8</span>:16   <span class="m">0</span>  100G  <span class="m">0</span> disk
├─sdb1   <span class="m">8</span>:17   <span class="m">0</span>   27G  <span class="m">0</span> part
└─sdb2   <span class="m">8</span>:18   <span class="m">0</span>    2G  <span class="m">0</span> part /test
sr0     <span class="m">11</span>:0    <span class="m">1</span>  <span class="m">8</span>.1G  <span class="m">0</span> rom  /run/media/root/CentOS <span class="m">7</span> x86_64
loop0    <span class="m">7</span>:0    <span class="m">0</span>    1G  <span class="m">0</span> loop /mnt/c1
<span class="o">[</span>root@centos7 ~<span class="o">]</span>$ partx -a /dev/sdb
partx: /dev/sdb: error adding partitions <span class="m">1</span>-2
<span class="o">[</span>root@centos7 ~<span class="o">]</span>$ lsblk
NAME   MAJ:MIN RM  SIZE RO TYPE MOUNTPOINT
sda      <span class="m">8</span>:0    <span class="m">0</span>  200G  <span class="m">0</span> disk
├─sda1   <span class="m">8</span>:1    <span class="m">0</span>    1G  <span class="m">0</span> part /boot
├─sda2   <span class="m">8</span>:2    <span class="m">0</span>  128G  <span class="m">0</span> part <span class="o">[</span>SWAP<span class="o">]</span>
├─sda3   <span class="m">8</span>:3    <span class="m">0</span> <span class="m">48</span>.8G  <span class="m">0</span> part /
├─sda4   <span class="m">8</span>:4    <span class="m">0</span>  512B  <span class="m">0</span> part
└─sda5   <span class="m">8</span>:5    <span class="m">0</span> <span class="m">19</span>.5G  <span class="m">0</span> part /app
sdb      <span class="m">8</span>:16   <span class="m">0</span>  100G  <span class="m">0</span> disk
├─sdb1   <span class="m">8</span>:17   <span class="m">0</span>   27G  <span class="m">0</span> part
├─sdb2   <span class="m">8</span>:18   <span class="m">0</span>    2G  <span class="m">0</span> part /test
└─sdb3   <span class="m">8</span>:19   <span class="m">0</span>    1G  <span class="m">0</span> part
sr0     <span class="m">11</span>:0    <span class="m">1</span>  <span class="m">8</span>.1G  <span class="m">0</span> rom  /run/media/root/CentOS <span class="m">7</span> x86_64
loop0    <span class="m">7</span>:0    <span class="m">0</span>    1G  <span class="m">0</span> loop /mnt/c1

<span class="o">[</span>root@centos7 ~<span class="o">]</span>$ mkswap /dev/sdb3
Setting up swapspace version <span class="m">1</span>, <span class="nv">size</span> <span class="o">=</span> <span class="m">1048572</span> KiB
no label, <span class="nv">UUID</span><span class="o">=</span>a0516c4f-40e6-4919-905a-8b44db12ff7b
<span class="o">[</span>root@centos7 ~<span class="o">]</span>$ free
            total        used        free      shared  buff/cache   available
Mem:        <span class="m">2031912</span>      <span class="m">845264</span>      <span class="m">377640</span>        <span class="m">9488</span>      <span class="m">809008</span>      <span class="m">955040</span>
Swap:     <span class="m">134217724</span>         <span class="m">296</span>   <span class="m">134217428</span>
<span class="o">[</span>root@centos7 ~<span class="o">]</span>$ swapon /dev/sdb3
<span class="o">[</span>root@centos7 ~<span class="o">]</span>$ free
            total        used        free      shared  buff/cache   available
Mem:        <span class="m">2031912</span>      <span class="m">846432</span>      <span class="m">376416</span>        <span class="m">9488</span>      <span class="m">809064</span>      <span class="m">953872</span>
Swap:     <span class="m">135266296</span>         <span class="m">296</span>   <span class="m">135266000</span>
</pre></div>
</div>
</div>
</div>


          </div>
      </div>
      <div class="clearer"></div>
    </div>
  </body>
</html>